OK   ProofOfLife.Semantics 0s
OK   ProofOfLife.Abstract 1s
OK   ProofOfLife.Organisms.PaperFig4 46s
OK   ProofOfLife.Organisms.PaperFig4Lineage 1s
OK   ProofOfLife.Organisms.World10 48s
OK   ProofOfLife.Organisms.World1005 56s
OK   ProofOfLife.Organisms.World1006Killer 17s
OK   ProofOfLife.Organisms.World1007Killer 17s
OK   ProofOfLife.Organisms.World1008Killer 17s
OK   ProofOfLife.Organisms.World1009 48s
OK   ProofOfLife.Organisms.World1011Killer 17s
OK   ProofOfLife.Organisms.World1012Killer 17s
OK   ProofOfLife.Organisms.World1013Killer 24s
OK   ProofOfLife.Organisms.World1014 60s
OK   ProofOfLife.Organisms.World1016 49s
OK   ProofOfLife.Organisms.World1021 53s
OK   ProofOfLife.Organisms.World1024Killer 18s
OK   ProofOfLife.Organisms.World1027 66s
OK   ProofOfLife.Organisms.World1028 57s
OK   ProofOfLife.Organisms.World10Lineage 44s
OK   ProofOfLife.Organisms.World11 82s
OK   ProofOfLife.Organisms.World11Lineage 100s
OK   ProofOfLife.Organisms.World12 48s
OK   ProofOfLife.Organisms.World12Lineage 45s
OK   ProofOfLife.Organisms.World15 49s
OK   ProofOfLife.Organisms.World15Lineage 58s
OK   ProofOfLife.Organisms.World2 36s
OK   ProofOfLife.Organisms.World29 38s
OK   ProofOfLife.Organisms.World29Lineage 0s
OK   ProofOfLife.Organisms.World2Lineage 41s
OK   ProofOfLife.Organisms.World30 0s
OK   ProofOfLife.Organisms.World30Lineage 40s
OK   ProofOfLife.Organisms.World32 40s
OK   ProofOfLife.Organisms.World32Lineage 58s
OK   ProofOfLife.Organisms.World33 79s
OK   ProofOfLife.Organisms.World33Lineage 74s
OK   ProofOfLife.Organisms.World37 38s
OK   ProofOfLife.Organisms.World37Lineage 39s
OK   ProofOfLife.Organisms.World38 43s
OK   ProofOfLife.Organisms.World38Lineage 51s
OK   ProofOfLife.Organisms.World41 38s
OK   ProofOfLife.Organisms.World41Lineage 38s
OK   ProofOfLife.Organisms.World42 48s
OK   ProofOfLife.Organisms.World42Lineage 55s
OK   ProofOfLife.Organisms.World46 44s
OK   ProofOfLife.Organisms.World46Lineage 57s
OK   ProofOfLife.Organisms.World48 68s
OK   ProofOfLife.Organisms.World48Lineage 43s
OK   ProofOfLife.Organisms.World49 38s
OK   ProofOfLife.Organisms.World49Lineage 37s
OK   ProofOfLife.Organisms.World50Achilles 43s
OK   ProofOfLife.Organisms.World50Killer 17s
OK   ProofOfLife.Organisms.World52 41s
OK   ProofOfLife.Organisms.World52Lineage 40s
OK   ProofOfLife.Organisms.World55 60s
OK   ProofOfLife.Organisms.World56 37s
OK   ProofOfLife.Organisms.World56Lineage 37s
OK   ProofOfLife.Organisms.World58 38s
OK   ProofOfLife.Organisms.World58Lineage 38s
OK   ProofOfLife.Organisms.World7 38s
OK   ProofOfLife.Organisms.World7Lineage 37s
OK   ProofOfLife.Birth52.Certificate 95s
OK   ProofOfLife.Birth52.Collision 0s
OK   ProofOfLife.Birth52.Data 1s
OK   ProofOfLife.Birth52.Newborn 0s
OK   ProofOfLife.Birth52.NewbornRev 0s
OK   ProofOfLife.Birth52.ParentA 0s
OK   ProofOfLife.Birth52.ParentB 0s
OK   Atlas(all) 43s
TOTAL 2646s
